C51 COMPILER V9.53.0.0   UART0                                                             04/29/2019 15:55:04 PAGE 1   


C51 COMPILER V9.53.0.0, COMPILATION OF MODULE UART0
OBJECT MODULE PLACED IN .\src\UART0.OBJ
COMPILER INVOKED BY: c:\SiliconLabs\SimplicityStudio\v3\developer\toolchains\keil_8051\9.53\BIN\C51.exe \\calebasse\2160
                    -9785\Bureau\TP Micro S2\MCU8bits_RepEtudiants\HO_TASEVSKI\TP6\src\UART0.c OMF2 SMALL DEBUG OBJECTEXTEND ROM(LARGE) WARNI
                    -NGLEVEL(2) FLOATFUZZY(3) OPTIMIZE(8,SPEED) DEFINE(DEBUG=1) INTVECTOR(0X0000) INTPROMOTE INCDIR(//calebasse/21609785/Bure
                    -au/TP Micro S2/MCU8bits_RepEtudiants/HO_TASEVSKI/TP6/inc;C:/SiliconLabs/SimplicityStudio/v3/developer/sdks/si8051/v3//De
                    -vice/shared/si8051Base;C:/SiliconLabs/SimplicityStudio/v3/developer/sdks/si8051/v3//Device/C8051F930;C:/SiliconLabs/Simp
                    -licityStudio/v3/developer/sdks/si8051/v3//Device/C8051F930/inc) PRINT(.\src\UART0.lst) COND PAGEWIDTH(120) PAGELENGTH(65
                    -) OBJECT(.\src\UART0.OBJ)

line level    source

   1          //-----------------------------------------------------------------------------
   2          // Includes
   3          //-----------------------------------------------------------------------------
   4          #include <SI_C8051F930_Register_Enums.h>                // SFR declarations
   5          #include <stdio.h>
   6          #include "variables_globales.h"
   7          #include "pin_test.h"
   8          
   9          
  10          //-----------------------------------------------------------------------------
  11          //      UART0_ISR
  12          //-----------------------------------------------------------------------------
  13          
  14          INTERRUPT(UART0_ISR, UART0_IRQn){
  15   1      
  16   1      
  17   1              if(SCON0_TI==1){
  18   2                      SCON0_TI=0;
  19   2                      SBUF0=0x33;
  20   2                      while(SCON0_TI==0);
  21   2                      SCON0_TI=0;
  22   2      
  23   2              }
  24   1              else if(SCON0_RI==1){
  25   2                      SCON0_RI=0;
  26   2      
  27   2              }
  28   1      
  29   1      }
  30          
  31          
  32          
  33          


MODULE INFORMATION:   STATIC OVERLAYABLE
   CODE SIZE        =     23    ----
   CONSTANT SIZE    =   ----    ----
   XDATA SIZE       =   ----    ----
   PDATA SIZE       =   ----    ----
   DATA SIZE        =   ----    ----
   IDATA SIZE       =   ----    ----
   BIT SIZE         =   ----    ----
   EDATA SIZE       =   ----    ----
   HDATA SIZE       =   ----    ----
   XDATA CONST SIZE =   ----    ----
   FAR CONST SIZE   =   ----    ----
END OF MODULE INFORMATION.


C51 COMPILATION COMPLETE.  0 WARNING(S),  0 ERROR(S)
